
> orison_web_admin@0.1.0 build
> next build

Γû▓ Next.js 16.1.1 (Turbopack)
- Environments: .env.local

node.exe : ΓÜá The "middleware" 
file convention is deprecated. 
Please use "proxy" instead. 
Learn more: https://nextjs.org/d
ocs/messages/middleware-to-proxy
At C:\Program 
Files\nodejs\npm.ps1:29 char:3
+   & $NODE_EXE $NPM_CLI_JS 
$args
+   
~~~~~~~~~~~~~~~~~~~~~~~~~~~~~
    + CategoryInfo          : N 
   otSpecified: (ΓÜá The "midd  
  le...leware-to-proxy:String   
 ) [], RemoteException
    + FullyQualifiedErrorId : N 
   ativeCommandError
 
  Creating an optimized production build ...
Γ£ô Compiled successfully in 8.2s
  Running TypeScript ...
  Collecting page data using 7 workers ...
  Generating static pages using 7 workers (0/16) ...
  Generating static pages using 7 workers (4/16) 
  Generating static pages using 7 workers (8/16) 
Section Map: {}
Class Map: {}
Γ¿» useSearchParams() should be 
wrapped in a suspense boundary 
at page "/students". Read more: 
https://nextjs.org/docs/messages
/missing-suspense-with-csr-bailo
ut
    at Q (C:\Orison-Services\Ori
son_web_admin\.next\server\chunk
s\ssr\node_modules_next_920e7746
._.js:2:2111)
    at o (C:\Orison-Services\Ori
son_web_admin\.next\server\chunk
s\ssr\node_modules_next_920e7746
._.js:4:5284)
    at r (C:\Orison-Services\Ori
son_web_admin\.next\server\chunk
s\ssr\src_app_(demo)_students_pa
ge_tsx_72d6d6d7._.js:1:1493)
    at an (C:\Orison-Services\Or
ison_web_admin\node_modules\next
\dist\compiled\next-server\app-p
age-turbo.runtime.prod.js:2:8436
0)
    at ai (C:\Orison-Services\Or
ison_web_admin\node_modules\next
\dist\compiled\next-server\app-p
age-turbo.runtime.prod.js:2:8617
9)
    at al (C:\Orison-Services\Or
ison_web_admin\node_modules\next
\dist\compiled\next-server\app-p
age-turbo.runtime.prod.js:2:1079
53)
    at as (C:\Orison-Services\Or
ison_web_admin\node_modules\next
\dist\compiled\next-server\app-p
age-turbo.runtime.prod.js:2:1053
68)
    at aa (C:\Orison-Services\Or
ison_web_admin\node_modules\next
\dist\compiled\next-server\app-p
age-turbo.runtime.prod.js:2:8471
2)
    at ai (C:\Orison-Services\Or
ison_web_admin\node_modules\next
\dist\compiled\next-server\app-p
age-turbo.runtime.prod.js:2:8622
8)
    at al (C:\Orison-Services\Or
ison_web_admin\node_modules\next
\dist\compiled\next-server\app-p
age-turbo.runtime.prod.js:2:1079
53)
Error occurred prerendering 
page "/students". Read more: htt
ps://nextjs.org/docs/messages/pr
erender-error
Export encountered an error on 
/(demo)/students/page: 
/students, exiting the build.
Γ¿» Next.js build worker exited 
with code: 1 and signal: null
